URL: https://www.thesportsdb.com/api/v1/json/123/lookupplayer.php?id=34248035
Expected key: player
Actual keys: players
Response:
{
  "players": [
    {
      "idPlayer": "34248035",
      "idTeam": "133727",
      "idTeam2": null,
      "idTeamNational": null,
      "idAPIfootball": "336998",
      "idPlayerManager": null,
      "idWikidata": null,
      "idTransferMkt": "710671",
      "idESPN": "379707",
      "strNationality": "Spain",
      "strPlayer": "Adama Boiro",
      "strPlayerAlternate": "Adama Boiro Boiro",
      "strTeam": "Athletic Bilbao",
      "strTeam2": "",
      "strSport": "Soccer",
      "intSoccerXMLTeamID": null,
      "dateBorn": "2002-06-22",
      "dateDied": null,
      "strNumber": "19",
      "dateSigned": null,
      "strSigning": "",
      "strWage": "",
      "strOutfitter": "",
      "strKit": "",
      "strAgent": "",
      "strBirthLocation": "Dakar, Senegal",
      "strEthnicity": "Black",
      "strStatus": "Active",
      "strDescriptionEN": "Adama Boiro Boiro (born 22 June 2002) is a footballer who plays as a left-back for Bilbao Athletic. Born in Senegal, he is a naturalised citizen of Spain.",
      "strDescriptionDE": null,
      "strDescriptionFR": null,
      "strDescriptionCN": null,
      "strDescriptionIT": null,
      "strDescriptionJP": null,
      "strDescriptionRU": null,
      "strDescriptionES": null,
      "strDescriptionPT": null,
      "strDescriptionSE": null,
      "strDescriptionNL": null,
      "strDescriptionHU": null,
      "strDescriptionNO": null,
      "strDescriptionIL": null,
      "strDescriptionPL": null,
      "strGender": "Male",
      "strSide": "",
      "strPosition": "Left-Back",
      "strCollege": null,
      "strFacebook": "",
      "strWebsite": "",
      "strTwitter": "",
      "strInstagram": "",
      "strYoutube": "",
      "strHeight": "1.83 m (6 ft 0 in)",
      "strWeight": "163 lbs",
      "intLoved": "0",
      "strThumb": "https://r2.thesportsdb.com/images/media/player/thumb/nbpav51725011321.jpg",
      "strPoster": null,
      "strCutout": "https://r2.thesportsdb.com/images/media/player/cutout/sgupqu1725011239.png",
      "strCartoon": null,
      "strRender": "https://r2.thesportsdb.com/images/media/player/render/b9qg2i1725011370.png",
      "strBanner": null,
      "strFanart1": null,
      "strFanart2": null,
      "strFanart3": null,
      "strFanart4": null,
      "strCreativeCommons": "No",
      "strLocked": "unlocked",
      "strLastName": "Boiro"
    }
  ]
}