URL: https://www.thesportsdb.com/api/v1/json/123/lookupplayer.php?id=34252662
Expected key: player
Actual keys: players
Response:
{
  "players": [
    {
      "idPlayer": "34252662",
      "idTeam": "133615",
      "idTeam2": null,
      "idTeamNational": null,
      "idAPIfootball": "431921",
      "idPlayerManager": null,
      "idWikidata": "Q117288501",
      "idTransferMkt": "938146",
      "idESPN": "379032",
      "strNationality": "Morocco",
      "strPlayer": "Adam Aznou",
      "strPlayerAlternate": "Adam Aznou Ben Cheikh",
      "strTeam": "Everton",
      "strTeam2": "",
      "strSport": "Soccer",
      "intSoccerXMLTeamID": null,
      "dateBorn": "2006-06-02",
      "dateDied": null,
      "strNumber": "39",
      "dateSigned": null,
      "strSigning": "on Loan (Bayern Munich)",
      "strWage": "",
      "strOutfitter": "",
      "strKit": "",
      "strAgent": "",
      "strBirthLocation": "Barcelona, Spain",
      "strEthnicity": "Arabic",
      "strStatus": "Active",
      "strDescriptionEN": "Adam Aznou Ben Cheikh (Arabic: أدم أزنو بن الشيخ; born 2 June 2006) is a professional footballer who plays as a left-back for Premier League club Everton. Born in Spain, he plays for the Morocco national team.\r\n\r\nEarly life\r\nAznou was born in Barcelona, Spain to Moroccan parents.\r\n\r\nClub career\r\nEarly career\r\nAznou started his career with Damm, before moving to Barcelona's La Masia academy in 2019.\r\n\r\nBayern Munich\r\nOn the summer of 2022, having reportedly rejected a number of clubs across Europe, Aznou signed with German side Bayern Munich. In March 2023, he trained with the Bayern Munich senior squad for the first time.\r\n\r\nAznou received his first call-up with the Bayern Munich senior team on 27 January 2024, featuring on the bench as an unused substitute for a Bundesliga 3–2 away win match against FC Augsburg.\r\n\r\nOn 19 February 2024, he made his professional debut for Bayern Munich II on a 1–0 home loss Regionalliga Bayern match against Greuther Fürth II, starting the game. Later that year, on 15 May, he signed his first professional contract with Bayern Munich until 2027.\r\n\r\nOn 2 November 2024, Aznou made his senior debut for Bayern Munich, substituting Alphonso Davies, in a 3–0 Bundesliga home win over Union Berlin.\r\n\r\nAznou made his UEFA Champions League debut with Bayern Munich during their sixth league phase game on 10 December 2024, at a 5–1 away win against Shakhtar Donetsk, substituting Konrad Laimer.\r\n\r\nLoan to Valladolid\r\nOn 3 February 2025, Aznou was loaned to Spanish La Liga side Valladolid for the remainder of the 2024–25 season.",
      "strDescriptionDE": null,
      "strDescriptionFR": null,
      "strDescriptionCN": null,
      "strDescriptionIT": null,
      "strDescriptionJP": null,
      "strDescriptionRU": null,
      "strDescriptionES": null,
      "strDescriptionPT": null,
      "strDescriptionSE": null,
      "strDescriptionNL": null,
      "strDescriptionHU": null,
      "strDescriptionNO": null,
      "strDescriptionIL": null,
      "strDescriptionPL": null,
      "strGender": "Male",
      "strSide": "",
      "strPosition": "Defender",
      "strCollege": null,
      "strFacebook": "",
      "strWebsite": "",
      "strTwitter": "",
      "strInstagram": "",
      "strYoutube": "",
      "strHeight": "1.78 m (5 ft 10 in)",
      "strWeight": "152 lbs",
      "intLoved": "0",
      "strThumb": "https://r2.thesportsdb.com/images/media/player/thumb/ri34fc1756976649.jpg",
      "strPoster": null,
      "strCutout": "https://r2.thesportsdb.com/images/media/player/cutout/4ydqac1756976572.png",
      "strRender": "https://r2.thesportsdb.com/images/media/player/render/9r64st1756976645.png",
      "strBanner": null,
      "strFanart1": null,
      "strFanart2": null,
      "strFanart3": null,
      "strFanart4": null,
      "strCreativeCommons": "No",
      "strLocked": "unlocked"
    }
  ]
}