URL: https://www.thesportsdb.com/api/v1/json/123/lookupplayer.php?id=34170133
Expected key: player
Actual keys: players
Response:
{
  "players": [
    {
      "idPlayer": "34170133",
      "idTeam": "133602",
      "idTeam2": "134509",
      "idTeamNational": null,
      "idAPIfootball": "6716",
      "idPlayerManager": null,
      "idWikidata": "Q33297140",
      "idTransferMkt": "534033",
      "idESPN": "249299",
      "strNationality": "Argentina",
      "strPlayer": "Alexis Mac Allister",
      "strPlayerAlternate": "",
      "strTeam": "Liverpool",
      "strTeam2": "Argentina",
      "strSport": "Soccer",
      "intSoccerXMLTeamID": null,
      "dateBorn": "1998-12-24",
      "dateDied": null,
      "strNumber": "10",
      "dateSigned": null,
      "strSigning": "€47M",
      "strWage": "£6,240,000",
      "strOutfitter": "",
      "strKit": "",
      "strAgent": "",
      "strBirthLocation": "Santa Rosa, Argentina",
      "strEthnicity": "Hispanic",
      "strStatus": "Active",
      "strDescriptionEN": "Alexis Mac Allister (born 24 December 1998) is an Argentine professional footballer who plays as a central midfielder for Premier League club Liverpool, and the Argentina national team.",
      "strDescriptionDE": null,
      "strDescriptionFR": null,
      "strDescriptionCN": null,
      "strDescriptionIT": null,
      "strDescriptionJP": null,
      "strDescriptionRU": null,
      "strDescriptionES": null,
      "strDescriptionPT": null,
      "strDescriptionSE": null,
      "strDescriptionNL": null,
      "strDescriptionHU": null,
      "strDescriptionNO": null,
      "strDescriptionIL": null,
      "strDescriptionPL": null,
      "strGender": "Male",
      "strSide": "Right",
      "strPosition": "Central Midfield",
      "strCollege": null,
      "strFacebook": "",
      "strWebsite": "",
      "strTwitter": "",
      "strInstagram": "www.instagram.com/alemacallister/",
      "strYoutube": "",
      "strHeight": "176cm / 5'9\"",
      "strWeight": "150 lbs",
      "intLoved": "0",
      "strThumb": "https://r2.thesportsdb.com/images/media/player/thumb/9n5dnd1751999911.jpg",
      "strPoster": "https://r2.thesportsdb.com/images/media/player/poster/lgy1z41744278117.jpg",
      "strCutout": "https://r2.thesportsdb.com/images/media/player/cutout/96dmuf1757087513.png",
      "strRender": "https://r2.thesportsdb.com/images/media/player/render/f57uwp1735806246.png",
      "strBanner": null,
      "strFanart1": null,
      "strFanart2": null,
      "strFanart3": null,
      "strFanart4": null,
      "strCreativeCommons": "Yes",
      "strLocked": "unlocked"
    }
  ]
}